{
  "version": "1.5.52",
  "plugins_used": [
    {
      "name": "ArtifactoryDetector"
    },
    {
      "name": "AWSKeyDetector"
    },
    {
      "name": "AzureStorageKeyDetector"
    },
    {
      "name": "Base64HighEntropyString",
      "limit": 4.5
    },
    {
      "name": "BasicAuthDetector"
    },
    {
      "name": "CloudantDetector"
    },
    {
      "name": "DiscordBotTokenDetector"
    },
    {
      "name": "GitHubTokenDetector"
    },
    {
      "name": "GitLabTokenDetector"
    },
    {
      "name": "HexHighEntropyString",
      "limit": 3.0
    },
    {
      "name": "IbmCloudIamDetector"
    },
    {
      "name": "IbmCosHmacDetector"
    },
    {
      "name": "IPPublicDetector"
    },
    {
      "name": "JwtTokenDetector"
    },
    {
      "name": "KeywordDetector",
      "keyword_exclude": ""
    },
    {
      "name": "MailchimpDetector"
    },
    {
      "name": "NpmDetector"
    },
    {
      "name": "OpenAIDetector"
    },
    {
      "name": "PrivateKeyDetector"
    },
    {
      "name": "PypiTokenDetector"
    },
    {
      "name": "SendGridDetector"
    },
    {
      "name": "SlackDetector"
    },
    {
      "name": "SoftlayerDetector"
    },
    {
      "name": "SquareOAuthDetector"
    },
    {
      "name": "StripeDetector"
    },
    {
      "name": "TelegramBotTokenDetector"
    },
    {
      "name": "TwilioKeyDetector"
    }
  ],
  "filters_used": [
    {
      "path": "detect_secrets.filters.allowlist.is_line_allowlisted"
    },
    {
      "path": "detect_secrets.filters.common.is_ignored_due_to_verification_policies",
      "min_level": 2
    },
    {
      "path": "detect_secrets.filters.heuristic.is_indirect_reference"
    },
    {
      "path": "detect_secrets.filters.heuristic.is_likely_id_string"
    },
    {
      "path": "detect_secrets.filters.heuristic.is_lock_file"
    },
    {
      "path": "detect_secrets.filters.heuristic.is_not_alphanumeric_string"
    },
    {
      "path": "detect_secrets.filters.heuristic.is_potential_uuid"
    },
    {
      "path": "detect_secrets.filters.heuristic.is_prefixed_with_dollar_sign"
    },
    {
      "path": "detect_secrets.filters.heuristic.is_sequential_string"
    },
    {
      "path": "detect_secrets.filters.heuristic.is_swagger_file"
    },
    {
      "path": "detect_secrets.filters.heuristic.is_templated_secret"
    }
  ],
  "results": {
    "tests/security/test_security.py": [
      {
        "type": "Secret Keyword",
        "filename": "tests/security/test_security.py",
        "hashed_secret": "e5505e9338c44e76e331e5503f3fce111e324770",
        "is_verified": false,
        "line_number": 35,
        "is_added": false,
        "is_removed": false,
        "is_secret": false
      },
      {
        "type": "Secret Keyword",
        "filename": "tests/security/test_security.py",
        "hashed_secret": "1902e3d6fc4e78a0bcc50ba12b882769afbf4a8c",
        "is_verified": false,
        "line_number": 125,
        "is_added": false,
        "is_removed": false,
        "is_secret": false
      },
      {
        "type": "Secret Keyword",
        "filename": "tests/security/test_security.py",
        "hashed_secret": "76272dc4faf660733711f58c736830d27159fb55",
        "is_verified": false,
        "line_number": 345,
        "is_added": false,
        "is_removed": false,
        "is_secret": false
      },
      {
        "type": "Secret Keyword",
        "filename": "tests/security/test_security.py",
        "hashed_secret": "77361fca965b3e53ff81a5d48525ca8adb8a9b87",
        "is_verified": false,
        "line_number": 375,
        "is_added": false,
        "is_removed": false,
        "is_secret": false
      },
      {
        "type": "Secret Keyword",
        "filename": "tests/security/test_security.py",
        "hashed_secret": "a4b48a81cdab1e1a5dd37907d6c85ca1c61ddc7c",
        "is_verified": false,
        "line_number": 404,
        "is_added": false,
        "is_removed": false,
        "is_secret": false
      }
    ]
  },
  "generated_at": "2026-10-02T00:16:58Z"
}